qft_5 with c=-1
linear_map/qft_5_full_code.json
qft_5 with c=10
fold_map/qft_5_full_code.json
qft_6 with c=-1
linear_map/qft_6_full_code.json
qft_6 with c=10
fold_map/qft_6_full_code.json
qft_7 with c=-1
linear_map/qft_7_full_code.json
qft_7 with c=10
fold_map/qft_7_full_code.json
qft_8 with c=-1
linear_map/qft_8_full_code.json
qft_8 with c=10
fold_map/qft_8_full_code.json
qft_9 with c=-1
linear_map/qft_9_full_code.json
qft_9 with c=10
fold_map/qft_9_full_code.json
qft_10 with c=-1
linear_map/qft_10_full_code.json
qft_10 with c=10
fold_map/qft_10_full_code.json
qft_11 with c=-1
linear_map/qft_11_full_code.json
qft_11 with c=10
fold_map/qft_11_full_code.json
qft_12 with c=-1
linear_map/qft_12_full_code.json
qft_12 with c=10
fold_map/qft_12_full_code.json
qft_13 with c=-1
linear_map/qft_13_full_code.json
qft_13 with c=10
fold_map/qft_13_full_code.json
qft_14 with c=-1
linear_map/qft_14_full_code.json
qft_14 with c=10
fold_map/qft_14_full_code.json
qft_15 with c=-1
linear_map/qft_15_full_code.json
qft_15 with c=10
fold_map/qft_15_full_code.json
qft_16 with c=-1
linear_map/qft_16_full_code.json
qft_16 with c=10
fold_map/qft_16_full_code.json
qft_17 with c=-1
linear_map/qft_17_full_code.json
qft_17 with c=10
fold_map/qft_17_full_code.json
qft_18 with c=-1
linear_map/qft_18_full_code.json
qft_18 with c=10
fold_map/qft_18_full_code.json
qft_19 with c=-1
linear_map/qft_19_full_code.json
qft_19 with c=10
fold_map/qft_19_full_code.json
qft_20 with c=-1
linear_map/qft_20_full_code.json
qft_20 with c=10
fold_map/qft_20_full_code.json
qft_21 with c=-1
linear_map/qft_21_full_code.json
qft_21 with c=10
fold_map/qft_21_full_code.json
qft_22 with c=-1
linear_map/qft_22_full_code.json
qft_22 with c=10
fold_map/qft_22_full_code.json
qft_23 with c=-1
linear_map/qft_23_full_code.json
qft_23 with c=10
fold_map/qft_23_full_code.json
qft_24 with c=-1
linear_map/qft_24_full_code.json
qft_24 with c=10
fold_map/qft_24_full_code.json
qft_25 with c=-1
linear_map/qft_25_full_code.json
qft_25 with c=10
fold_map/qft_25_full_code.json
qft_26 with c=-1
linear_map/qft_26_full_code.json
qft_26 with c=10
fold_map/qft_26_full_code.json
qft_27 with c=-1
linear_map/qft_27_full_code.json
qft_27 with c=10
fold_map/qft_27_full_code.json
qft_28 with c=-1
linear_map/qft_28_full_code.json
qft_28 with c=10
fold_map/qft_28_full_code.json
qft_29 with c=-1
linear_map/qft_29_full_code.json
qft_29 with c=10
fold_map/qft_29_full_code.json
qft_30 with c=-1
linear_map/qft_30_full_code.json
qft_30 with c=10
fold_map/qft_30_full_code.json
qft_31 with c=-1
linear_map/qft_31_full_code.json
qft_31 with c=10
fold_map/qft_31_full_code.json
qft_32 with c=-1
linear_map/qft_32_full_code.json
qft_32 with c=10
fold_map/qft_32_full_code.json
qft_33 with c=-1
linear_map/qft_33_full_code.json
qft_33 with c=10
fold_map/qft_33_full_code.json
qft_34 with c=-1
linear_map/qft_34_full_code.json
qft_34 with c=10
fold_map/qft_34_full_code.json
qft_35 with c=-1
linear_map/qft_35_full_code.json
qft_35 with c=10
fold_map/qft_35_full_code.json
qft_36 with c=-1
linear_map/qft_36_full_code.json
qft_36 with c=10
fold_map/qft_36_full_code.json
qft_37 with c=-1
linear_map/qft_37_full_code.json
qft_37 with c=10
fold_map/qft_37_full_code.json
qft_38 with c=-1
linear_map/qft_38_full_code.json
qft_38 with c=10
fold_map/qft_38_full_code.json
qft_39 with c=-1
linear_map/qft_39_full_code.json
qft_39 with c=10
fold_map/qft_39_full_code.json
qft_40 with c=-1
linear_map/qft_40_full_code.json
qft_40 with c=10
fold_map/qft_40_full_code.json
qft_41 with c=-1
linear_map/qft_41_full_code.json
qft_41 with c=10
fold_map/qft_41_full_code.json
qft_42 with c=-1
linear_map/qft_42_full_code.json
qft_42 with c=10
fold_map/qft_42_full_code.json
qft_43 with c=-1
linear_map/qft_43_full_code.json
qft_43 with c=10
fold_map/qft_43_full_code.json
qft_44 with c=-1
linear_map/qft_44_full_code.json
qft_44 with c=10
fold_map/qft_44_full_code.json
qft_45 with c=-1
linear_map/qft_45_full_code.json
qft_45 with c=10
fold_map/qft_45_full_code.json
qft_46 with c=-1
linear_map/qft_46_full_code.json
qft_46 with c=10
fold_map/qft_46_full_code.json
qft_47 with c=-1
linear_map/qft_47_full_code.json
qft_47 with c=10
fold_map/qft_47_full_code.json
qft_48 with c=-1
linear_map/qft_48_full_code.json
qft_48 with c=10
fold_map/qft_48_full_code.json
qft_49 with c=-1
linear_map/qft_49_full_code.json
qft_49 with c=10
fold_map/qft_49_full_code.json
qft_50 with c=-1
linear_map/qft_50_full_code.json
qft_50 with c=10
fold_map/qft_50_full_code.json
qft_51 with c=-1
linear_map/qft_51_full_code.json
qft_51 with c=10
fold_map/qft_51_full_code.json
qft_52 with c=-1
linear_map/qft_52_full_code.json
qft_52 with c=10
fold_map/qft_52_full_code.json
qft_53 with c=-1
linear_map/qft_53_full_code.json
qft_53 with c=10
fold_map/qft_53_full_code.json
qft_54 with c=-1
linear_map/qft_54_full_code.json
qft_54 with c=10
fold_map/qft_54_full_code.json
qft_55 with c=-1
linear_map/qft_55_full_code.json
qft_55 with c=10
fold_map/qft_55_full_code.json
qft_56 with c=-1
linear_map/qft_56_full_code.json
qft_56 with c=10
fold_map/qft_56_full_code.json
qft_57 with c=-1
linear_map/qft_57_full_code.json
qft_57 with c=10
fold_map/qft_57_full_code.json
qft_58 with c=-1
linear_map/qft_58_full_code.json
qft_58 with c=10
fold_map/qft_58_full_code.json
qft_59 with c=-1
linear_map/qft_59_full_code.json
qft_59 with c=10
fold_map/qft_59_full_code.json
qft_60 with c=-1
linear_map/qft_60_full_code.json
qft_60 with c=10
fold_map/qft_60_full_code.json
qft_61 with c=-1
linear_map/qft_61_full_code.json
qft_61 with c=10
fold_map/qft_61_full_code.json
qft_62 with c=-1
linear_map/qft_62_full_code.json
qft_62 with c=10
fold_map/qft_62_full_code.json
qft_63 with c=-1
linear_map/qft_63_full_code.json
qft_63 with c=10
fold_map/qft_63_full_code.json
qft_64 with c=-1
linear_map/qft_64_full_code.json
qft_64 with c=10
fold_map/qft_64_full_code.json
qft_65 with c=-1
linear_map/qft_65_full_code.json
qft_65 with c=10
fold_map/qft_65_full_code.json
qft_66 with c=-1
linear_map/qft_66_full_code.json
qft_66 with c=10
fold_map/qft_66_full_code.json
qft_67 with c=-1
linear_map/qft_67_full_code.json
qft_67 with c=10
fold_map/qft_67_full_code.json
qft_68 with c=-1
linear_map/qft_68_full_code.json
qft_68 with c=10
fold_map/qft_68_full_code.json
qft_69 with c=-1
linear_map/qft_69_full_code.json
qft_69 with c=10
fold_map/qft_69_full_code.json
qft_70 with c=-1
linear_map/qft_70_full_code.json
qft_70 with c=10
fold_map/qft_70_full_code.json
qft_71 with c=-1
linear_map/qft_71_full_code.json
qft_71 with c=10
fold_map/qft_71_full_code.json
qft_72 with c=-1
linear_map/qft_72_full_code.json
qft_72 with c=10
fold_map/qft_72_full_code.json
qft_73 with c=-1
linear_map/qft_73_full_code.json
qft_73 with c=10
fold_map/qft_73_full_code.json
qft_74 with c=-1
linear_map/qft_74_full_code.json
qft_74 with c=10
fold_map/qft_74_full_code.json
qft_75 with c=-1
linear_map/qft_75_full_code.json
qft_75 with c=10
fold_map/qft_75_full_code.json
qft_76 with c=-1
linear_map/qft_76_full_code.json
qft_76 with c=10
fold_map/qft_76_full_code.json
qft_77 with c=-1
linear_map/qft_77_full_code.json
qft_77 with c=10
fold_map/qft_77_full_code.json
qft_78 with c=-1
linear_map/qft_78_full_code.json
qft_78 with c=10
fold_map/qft_78_full_code.json
qft_79 with c=-1
linear_map/qft_79_full_code.json
qft_79 with c=10
fold_map/qft_79_full_code.json
qft_80 with c=-1
linear_map/qft_80_full_code.json
qft_80 with c=10
fold_map/qft_80_full_code.json
qft_81 with c=-1
linear_map/qft_81_full_code.json
qft_81 with c=10
fold_map/qft_81_full_code.json
qft_82 with c=-1
linear_map/qft_82_full_code.json
qft_82 with c=10
fold_map/qft_82_full_code.json
qft_83 with c=-1
linear_map/qft_83_full_code.json
qft_83 with c=10
fold_map/qft_83_full_code.json
qft_84 with c=-1
linear_map/qft_84_full_code.json
qft_84 with c=10
fold_map/qft_84_full_code.json
qft_85 with c=-1
linear_map/qft_85_full_code.json
qft_85 with c=10
fold_map/qft_85_full_code.json
qft_86 with c=-1
linear_map/qft_86_full_code.json
qft_86 with c=10
fold_map/qft_86_full_code.json
qft_87 with c=-1
linear_map/qft_87_full_code.json
qft_87 with c=10
fold_map/qft_87_full_code.json
qft_88 with c=-1
linear_map/qft_88_full_code.json
qft_88 with c=10
fold_map/qft_88_full_code.json
qft_89 with c=-1
linear_map/qft_89_full_code.json
qft_89 with c=10
fold_map/qft_89_full_code.json
qft_90 with c=-1
linear_map/qft_90_full_code.json
qft_90 with c=10
fold_map/qft_90_full_code.json
qft_91 with c=-1
linear_map/qft_91_full_code.json
qft_91 with c=10
fold_map/qft_91_full_code.json
qft_92 with c=-1
linear_map/qft_92_full_code.json
qft_92 with c=10
fold_map/qft_92_full_code.json
qft_93 with c=-1
linear_map/qft_93_full_code.json
qft_93 with c=10
fold_map/qft_93_full_code.json
qft_94 with c=-1
linear_map/qft_94_full_code.json
qft_94 with c=10
fold_map/qft_94_full_code.json
qft_95 with c=-1
linear_map/qft_95_full_code.json
qft_95 with c=10
fold_map/qft_95_full_code.json
qft_96 with c=-1
linear_map/qft_96_full_code.json
qft_96 with c=10
fold_map/qft_96_full_code.json
qft_97 with c=-1
linear_map/qft_97_full_code.json
qft_97 with c=10
fold_map/qft_97_full_code.json
qft_98 with c=-1
linear_map/qft_98_full_code.json
qft_98 with c=10
fold_map/qft_98_full_code.json
qft_99 with c=-1
linear_map/qft_99_full_code.json
qft_99 with c=10
fold_map/qft_99_full_code.json
qft_100 with c=-1
linear_map/qft_100_full_code.json
qft_100 with c=10
fold_map/qft_100_full_code.json
qft_200 with c=-1
linear_map/qft_200_full_code.json
qft_200 with c=15
fold_map/qft_200_full_code.json
qft_300 with c=-1
linear_map/qft_300_full_code.json
qft_300 with c=18
fold_map/qft_300_full_code.json
qft_400 with c=-1
linear_map/qft_400_full_code.json
qft_400 with c=20
fold_map/qft_400_full_code.json
qft_500 with c=-1
linear_map/qft_500_full_code.json
qft_500 with c=23
fold_map/qft_500_full_code.json
qft_600 with c=-1
linear_map/qft_600_full_code.json
qft_600 with c=25
fold_map/qft_600_full_code.json
qft_700 with c=-1
linear_map/qft_700_full_code.json
qft_700 with c=27
fold_map/qft_700_full_code.json
qft_800 with c=-1
linear_map/qft_800_full_code.json
qft_800 with c=29
fold_map/qft_800_full_code.json
qft_900 with c=-1
linear_map/qft_900_full_code.json
qft_900 with c=30
fold_map/qft_900_full_code.json
qft_1000 with c=-1
linear_map/qft_1000_full_code.json
qft_1000 with c=32
fold_map/qft_1000_full_code.json
